2025-12-17T10:30:52.444+08:00  INFO 1 --- [TEST-ENV-VAR] [main] com.wms.wmdrfid.WmdRfidApplication       : Starting WmdRfidApplication v0.0.1-SNAPSHOT using Java 17.0.17 with PID 1 (/app/app.jar started by root in /app)
2025-12-17T10:30:52.465+08:00 DEBUG 1 --- [TEST-ENV-VAR] [main] com.wms.wmdrfid.WmdRfidApplication       : Running with Spring Boot v3.4.1, Spring v6.2.1
2025-12-17T10:30:52.467+08:00  INFO 1 --- [TEST-ENV-VAR] [main] com.wms.wmdrfid.WmdRfidApplication       : No active profile set, falling back to 1 default profile: "default"
2025-12-17T10:30:53.494+08:00  INFO 1 --- [TEST-ENV-VAR] [main] .s.d.r.c.RepositoryConfigurationDelegate : Multiple Spring Data modules found, entering strict repository configuration mode
2025-12-17T10:30:53.499+08:00  INFO 1 --- [TEST-ENV-VAR] [main] .s.d.r.c.RepositoryConfigurationDelegate : Bootstrapping Spring Data Redis repositories in DEFAULT mode.
2025-12-17T10:30:53.548+08:00  INFO 1 --- [TEST-ENV-VAR] [main] .s.d.r.c.RepositoryConfigurationDelegate : Finished Spring Data repository scanning in 27 ms. Found 0 Redis repository interfaces.
2025-12-17T10:30:53.701+08:00  INFO 1 --- [TEST-ENV-VAR] [main] faultConfiguringBeanFactoryPostProcessor : No bean named 'errorChannel' has been explicitly defined. Therefore, a default PublishSubscribeChannel will be created.
2025-12-17T10:30:53.718+08:00  INFO 1 --- [TEST-ENV-VAR] [main] faultConfiguringBeanFactoryPostProcessor : No bean named 'integrationHeaderChannelRegistry' has been explicitly defined. Therefore, a default DefaultHeaderChannelRegistry will be created.
2025-12-17T10:30:54.450+08:00  INFO 1 --- [TEST-ENV-VAR] [main] o.s.b.w.embedded.tomcat.TomcatWebServer  : Tomcat initialized with port 8080 (http)
2025-12-17T10:30:54.478+08:00  INFO 1 --- [TEST-ENV-VAR] [main] o.apache.catalina.core.StandardService   : Starting service [Tomcat]
2025-12-17T10:30:54.480+08:00  INFO 1 --- [TEST-ENV-VAR] [main] o.apache.catalina.core.StandardEngine    : Starting Servlet engine: [Apache Tomcat/10.1.34]
2025-12-17T10:30:54.527+08:00  INFO 1 --- [TEST-ENV-VAR] [main] o.a.c.c.C.[Tomcat].[localhost].[/]       : Initializing Spring embedded WebApplicationContext
2025-12-17T10:30:54.528+08:00  INFO 1 --- [TEST-ENV-VAR] [main] w.s.c.ServletWebServerApplicationContext : Root WebApplicationContext: initialization completed in 1967 ms
2025-12-17T10:30:57.500+08:00  INFO 1 --- [TEST-ENV-VAR] [main] o.s.i.endpoint.EventDrivenConsumer       : Adding {logging-channel-adapter:_org.springframework.integration.errorLogger} as a subscriber to the 'errorChannel' channel
2025-12-17T10:30:57.503+08:00  INFO 1 --- [TEST-ENV-VAR] [main] o.s.i.channel.PublishSubscribeChannel    : Channel 'TEST-ENV-VAR.errorChannel' has 1 subscriber(s).
2025-12-17T10:30:57.505+08:00  INFO 1 --- [TEST-ENV-VAR] [main] o.s.i.endpoint.EventDrivenConsumer       : started bean '_org.springframework.integration.errorLogger'
2025-12-17T10:30:57.507+08:00  INFO 1 --- [TEST-ENV-VAR] [main] o.s.i.endpoint.EventDrivenConsumer       : Adding {message-handler:mqttOutbound.serviceActivator} as a subscriber to the 'mqttOutboundChannel' channel
2025-12-17T10:30:57.508+08:00  INFO 1 --- [TEST-ENV-VAR] [main] o.s.integration.channel.DirectChannel    : Channel 'TEST-ENV-VAR.mqttOutboundChannel' has 1 subscriber(s).
2025-12-17T10:30:57.510+08:00  INFO 1 --- [TEST-ENV-VAR] [main] o.s.i.endpoint.EventDrivenConsumer       : started bean 'mqttOutbound.serviceActivator'
2025-12-17T10:30:57.511+08:00  INFO 1 --- [TEST-ENV-VAR] [main] o.s.i.endpoint.EventDrivenConsumer       : Adding {service-activator:mqttMessageHandler.handleMessage.serviceActivator} as a subscriber to the 'mqttInputChannel' channel
2025-12-17T10:30:57.512+08:00  INFO 1 --- [TEST-ENV-VAR] [main] o.s.integration.channel.DirectChannel    : Channel 'TEST-ENV-VAR.mqttInputChannel' has 1 subscriber(s).
2025-12-17T10:30:57.513+08:00  INFO 1 --- [TEST-ENV-VAR] [main] o.s.i.endpoint.EventDrivenConsumer       : started bean 'mqttMessageHandler.handleMessage.serviceActivator'
2025-12-17T10:30:57.571+08:00 ERROR 1 --- [TEST-ENV-VAR] [main] .m.i.MqttPahoMessageDrivenChannelAdapter : Exception while connecting

org.eclipse.paho.client.mqttv3.MqttException: Unable to connect to server
	at org.eclipse.paho.client.mqttv3.internal.TCPNetworkModule.start(TCPNetworkModule.java:80) ~[org.eclipse.paho.client.mqttv3-1.2.5.jar!/:na]
	at org.eclipse.paho.client.mqttv3.internal.ClientComms$ConnectBG.run(ClientComms.java:724) ~[org.eclipse.paho.client.mqttv3-1.2.5.jar!/:na]
	at java.base/java.lang.Thread.run(Unknown Source) ~[na:na]
Caused by: java.net.ConnectException: Connection refused
	at java.base/sun.nio.ch.Net.pollConnect(Native Method) ~[na:na]
	at java.base/sun.nio.ch.Net.pollConnectNow(Unknown Source) ~[na:na]
	at java.base/sun.nio.ch.NioSocketImpl.timedFinishConnect(Unknown Source) ~[na:na]
	at java.base/sun.nio.ch.NioSocketImpl.connect(Unknown Source) ~[na:na]
	at java.base/java.net.SocksSocketImpl.connect(Unknown Source) ~[na:na]
	at java.base/java.net.Socket.connect(Unknown Source) ~[na:na]
	at org.eclipse.paho.client.mqttv3.internal.TCPNetworkModule.start(TCPNetworkModule.java:74) ~[org.eclipse.paho.client.mqttv3-1.2.5.jar!/:na]
	... 2 common frames omitted

2025-12-17T10:30:57.584+08:00  INFO 1 --- [TEST-ENV-VAR] [main] .m.i.MqttPahoMessageDrivenChannelAdapter : started bean 'inbound'; defined in: 'class path resource [com/wms/wmdrfid/Conf/MqttConf/MqttConfig.class]'; from source: 'com.wms.wmdrfid.Conf.MqttConf.MqttConfig.inbound()'
2025-12-17T10:30:57.603+08:00  INFO 1 --- [TEST-ENV-VAR] [main] o.s.b.w.embedded.tomcat.TomcatWebServer  : Tomcat started on port 8080 (http) with context path '/'
2025-12-17T10:30:58.100+08:00  INFO 1 --- [TEST-ENV-VAR] [main] com.wms.wmdrfid.WmdRfidApplication       : Started WmdRfidApplication in 6.912 seconds (process running for 8.431)
2025-12-17T10:30:59.913+08:00  INFO 1 --- [TEST-ENV-VAR] [http-nio-8080-exec-1] o.a.c.c.C.[Tomcat].[localhost].[/]       : Initializing Spring DispatcherServlet 'dispatcherServlet'
2025-12-17T10:30:59.914+08:00  INFO 1 --- [TEST-ENV-VAR] [http-nio-8080-exec-1] o.s.web.servlet.DispatcherServlet        : Initializing Servlet 'dispatcherServlet'
2025-12-17T10:30:59.916+08:00  INFO 1 --- [TEST-ENV-VAR] [http-nio-8080-exec-1] o.s.web.servlet.DispatcherServlet        : Completed initialization in 1 ms
2025-12-17T11:10:29.395+08:00  INFO 1 --- [TEST-ENV-VAR] [main] com.wms.wmdrfid.WmdRfidApplication       : Starting WmdRfidApplication v0.0.1-SNAPSHOT using Java 17.0.17 with PID 1 (/app/app.jar started by root in /app)
2025-12-17T11:10:29.398+08:00 DEBUG 1 --- [TEST-ENV-VAR] [main] com.wms.wmdrfid.WmdRfidApplication       : Running with Spring Boot v3.4.1, Spring v6.2.1
2025-12-17T11:10:29.400+08:00  INFO 1 --- [TEST-ENV-VAR] [main] com.wms.wmdrfid.WmdRfidApplication       : No active profile set, falling back to 1 default profile: "default"
2025-12-17T11:10:30.642+08:00  INFO 1 --- [TEST-ENV-VAR] [main] .s.d.r.c.RepositoryConfigurationDelegate : Multiple Spring Data modules found, entering strict repository configuration mode
2025-12-17T11:10:30.646+08:00  INFO 1 --- [TEST-ENV-VAR] [main] .s.d.r.c.RepositoryConfigurationDelegate : Bootstrapping Spring Data Redis repositories in DEFAULT mode.
2025-12-17T11:10:30.700+08:00  INFO 1 --- [TEST-ENV-VAR] [main] .s.d.r.c.RepositoryConfigurationDelegate : Finished Spring Data repository scanning in 33 ms. Found 0 Redis repository interfaces.
2025-12-17T11:10:30.875+08:00  INFO 1 --- [TEST-ENV-VAR] [main] faultConfiguringBeanFactoryPostProcessor : No bean named 'errorChannel' has been explicitly defined. Therefore, a default PublishSubscribeChannel will be created.
2025-12-17T11:10:30.890+08:00  INFO 1 --- [TEST-ENV-VAR] [main] faultConfiguringBeanFactoryPostProcessor : No bean named 'integrationHeaderChannelRegistry' has been explicitly defined. Therefore, a default DefaultHeaderChannelRegistry will be created.
2025-12-17T11:10:31.710+08:00  INFO 1 --- [TEST-ENV-VAR] [main] o.s.b.w.embedded.tomcat.TomcatWebServer  : Tomcat initialized with port 8080 (http)
2025-12-17T11:10:31.741+08:00  INFO 1 --- [TEST-ENV-VAR] [main] o.apache.catalina.core.StandardService   : Starting service [Tomcat]
2025-12-17T11:10:31.744+08:00  INFO 1 --- [TEST-ENV-VAR] [main] o.apache.catalina.core.StandardEngine    : Starting Servlet engine: [Apache Tomcat/10.1.34]
2025-12-17T11:10:31.816+08:00  INFO 1 --- [TEST-ENV-VAR] [main] o.a.c.c.C.[Tomcat].[localhost].[/]       : Initializing Spring embedded WebApplicationContext
2025-12-17T11:10:31.817+08:00  INFO 1 --- [TEST-ENV-VAR] [main] w.s.c.ServletWebServerApplicationContext : Root WebApplicationContext: initialization completed in 2334 ms
2025-12-17T11:10:36.104+08:00  INFO 1 --- [TEST-ENV-VAR] [main] o.s.i.endpoint.EventDrivenConsumer       : Adding {logging-channel-adapter:_org.springframework.integration.errorLogger} as a subscriber to the 'errorChannel' channel
2025-12-17T11:10:36.110+08:00  INFO 1 --- [TEST-ENV-VAR] [main] o.s.i.channel.PublishSubscribeChannel    : Channel 'TEST-ENV-VAR.errorChannel' has 1 subscriber(s).
2025-12-17T11:10:36.115+08:00  INFO 1 --- [TEST-ENV-VAR] [main] o.s.i.endpoint.EventDrivenConsumer       : started bean '_org.springframework.integration.errorLogger'
2025-12-17T11:10:36.118+08:00  INFO 1 --- [TEST-ENV-VAR] [main] o.s.i.endpoint.EventDrivenConsumer       : Adding {message-handler:mqttOutbound.serviceActivator} as a subscriber to the 'mqttOutboundChannel' channel
2025-12-17T11:10:36.126+08:00  INFO 1 --- [TEST-ENV-VAR] [main] o.s.integration.channel.DirectChannel    : Channel 'TEST-ENV-VAR.mqttOutboundChannel' has 1 subscriber(s).
2025-12-17T11:10:36.137+08:00  INFO 1 --- [TEST-ENV-VAR] [main] o.s.i.endpoint.EventDrivenConsumer       : started bean 'mqttOutbound.serviceActivator'
2025-12-17T11:10:36.159+08:00  INFO 1 --- [TEST-ENV-VAR] [main] o.s.i.endpoint.EventDrivenConsumer       : Adding {service-activator:mqttMessageHandler.handleMessage.serviceActivator} as a subscriber to the 'mqttInputChannel' channel
2025-12-17T11:10:36.164+08:00  INFO 1 --- [TEST-ENV-VAR] [main] o.s.integration.channel.DirectChannel    : Channel 'TEST-ENV-VAR.mqttInputChannel' has 1 subscriber(s).
2025-12-17T11:10:36.165+08:00  INFO 1 --- [TEST-ENV-VAR] [main] o.s.i.endpoint.EventDrivenConsumer       : started bean 'mqttMessageHandler.handleMessage.serviceActivator'
2025-12-17T11:10:36.374+08:00 ERROR 1 --- [TEST-ENV-VAR] [main] .m.i.MqttPahoMessageDrivenChannelAdapter : Exception while connecting

org.eclipse.paho.client.mqttv3.MqttException: Unable to connect to server
	at org.eclipse.paho.client.mqttv3.internal.TCPNetworkModule.start(TCPNetworkModule.java:80) ~[org.eclipse.paho.client.mqttv3-1.2.5.jar!/:na]
	at org.eclipse.paho.client.mqttv3.internal.ClientComms$ConnectBG.run(ClientComms.java:724) ~[org.eclipse.paho.client.mqttv3-1.2.5.jar!/:na]
	at java.base/java.lang.Thread.run(Unknown Source) ~[na:na]
Caused by: java.net.ConnectException: Connection refused
	at java.base/sun.nio.ch.Net.pollConnect(Native Method) ~[na:na]
	at java.base/sun.nio.ch.Net.pollConnectNow(Unknown Source) ~[na:na]
	at java.base/sun.nio.ch.NioSocketImpl.timedFinishConnect(Unknown Source) ~[na:na]
	at java.base/sun.nio.ch.NioSocketImpl.connect(Unknown Source) ~[na:na]
	at java.base/java.net.SocksSocketImpl.connect(Unknown Source) ~[na:na]
	at java.base/java.net.Socket.connect(Unknown Source) ~[na:na]
	at org.eclipse.paho.client.mqttv3.internal.TCPNetworkModule.start(TCPNetworkModule.java:74) ~[org.eclipse.paho.client.mqttv3-1.2.5.jar!/:na]
	... 2 common frames omitted

2025-12-17T11:10:36.416+08:00  INFO 1 --- [TEST-ENV-VAR] [main] .m.i.MqttPahoMessageDrivenChannelAdapter : started bean 'inbound'; defined in: 'class path resource [com/wms/wmdrfid/Conf/MqttConf/MqttConfig.class]'; from source: 'com.wms.wmdrfid.Conf.MqttConf.MqttConfig.inbound()'
2025-12-17T11:10:36.507+08:00  INFO 1 --- [TEST-ENV-VAR] [main] o.s.b.w.embedded.tomcat.TomcatWebServer  : Tomcat started on port 8080 (http) with context path '/'
2025-12-17T11:10:37.261+08:00  INFO 1 --- [TEST-ENV-VAR] [main] com.wms.wmdrfid.WmdRfidApplication       : Started WmdRfidApplication in 8.632 seconds (process running for 9.75)
2025-12-17T11:10:37.845+08:00  INFO 1 --- [TEST-ENV-VAR] [http-nio-8080-exec-1] o.a.c.c.C.[Tomcat].[localhost].[/]       : Initializing Spring DispatcherServlet 'dispatcherServlet'
2025-12-17T11:10:37.846+08:00  INFO 1 --- [TEST-ENV-VAR] [http-nio-8080-exec-1] o.s.web.servlet.DispatcherServlet        : Initializing Servlet 'dispatcherServlet'
2025-12-17T11:10:37.848+08:00  INFO 1 --- [TEST-ENV-VAR] [http-nio-8080-exec-1] o.s.web.servlet.DispatcherServlet        : Completed initialization in 1 ms
2025-12-17T11:10:46.725+08:00  INFO 1 --- [TEST-ENV-VAR] [SpringApplicationShutdownHook] o.s.b.w.e.tomcat.GracefulShutdown        : Commencing graceful shutdown. Waiting for active requests to complete
2025-12-17T11:10:46.728+08:00  INFO 1 --- [TEST-ENV-VAR] [tomcat-shutdown] o.s.b.w.e.tomcat.GracefulShutdown        : Graceful shutdown complete
2025-12-17T11:10:46.733+08:00 ERROR 1 --- [TEST-ENV-VAR] [SpringApplicationShutdownHook] .m.i.MqttPahoMessageDrivenChannelAdapter : Exception while unsubscribing

org.eclipse.paho.client.mqttv3.MqttException: Client is not connected
	at org.eclipse.paho.client.mqttv3.internal.ExceptionHelper.createMqttException(ExceptionHelper.java:31) ~[org.eclipse.paho.client.mqttv3-1.2.5.jar!/:na]
	at org.eclipse.paho.client.mqttv3.internal.ClientComms.sendNoWait(ClientComms.java:205) ~[org.eclipse.paho.client.mqttv3-1.2.5.jar!/:na]
	at org.eclipse.paho.client.mqttv3.MqttAsyncClient.unsubscribe(MqttAsyncClient.java:1244) ~[org.eclipse.paho.client.mqttv3-1.2.5.jar!/:na]
	at org.eclipse.paho.client.mqttv3.MqttAsyncClient.unsubscribe(MqttAsyncClient.java:1195) ~[org.eclipse.paho.client.mqttv3-1.2.5.jar!/:na]
	at org.springframework.integration.mqtt.inbound.MqttPahoMessageDrivenChannelAdapter.doStop(MqttPahoMessageDrivenChannelAdapter.java:215) ~[spring-integration-mqtt-6.4.1.jar!/:6.4.1]
	at org.springframework.integration.endpoint.AbstractEndpoint.doStop(AbstractEndpoint.java:211) ~[spring-integration-core-6.4.1.jar!/:6.4.1]
	at org.springframework.integration.endpoint.AbstractEndpoint.stop(AbstractEndpoint.java:192) ~[spring-integration-core-6.4.1.jar!/:6.4.1]
	at org.springframework.context.support.DefaultLifecycleProcessor.doStop(DefaultLifecycleProcessor.java:384) ~[spring-context-6.2.1.jar!/:6.2.1]
	at org.springframework.context.support.DefaultLifecycleProcessor$LifecycleGroup.stop(DefaultLifecycleProcessor.java:526) ~[spring-context-6.2.1.jar!/:6.2.1]
	at java.base/java.lang.Iterable.forEach(Unknown Source) ~[na:na]
	at org.springframework.context.support.DefaultLifecycleProcessor.stopBeans(DefaultLifecycleProcessor.java:353) ~[spring-context-6.2.1.jar!/:6.2.1]
	at org.springframework.context.support.DefaultLifecycleProcessor.onClose(DefaultLifecycleProcessor.java:253) ~[spring-context-6.2.1.jar!/:6.2.1]
	at org.springframework.context.support.AbstractApplicationContext.doClose(AbstractApplicationContext.java:1172) ~[spring-context-6.2.1.jar!/:6.2.1]
	at org.springframework.boot.web.servlet.context.ServletWebServerApplicationContext.doClose(ServletWebServerApplicationContext.java:174) ~[spring-boot-3.4.1.jar!/:3.4.1]
	at org.springframework.context.support.AbstractApplicationContext.close(AbstractApplicationContext.java:1126) ~[spring-context-6.2.1.jar!/:6.2.1]
	at org.springframework.boot.SpringApplicationShutdownHook.closeAndWait(SpringApplicationShutdownHook.java:147) ~[spring-boot-3.4.1.jar!/:3.4.1]
	at java.base/java.lang.Iterable.forEach(Unknown Source) ~[na:na]
	at org.springframework.boot.SpringApplicationShutdownHook.run(SpringApplicationShutdownHook.java:116) ~[spring-boot-3.4.1.jar!/:3.4.1]
	at java.base/java.lang.Thread.run(Unknown Source) ~[na:na]

